2018/11/25 18:40:22	start
